
R version 4.0.3 (2020-10-10) -- "Bunny-Wunnies Freak Out"
Copyright (C) 2020 The R Foundation for Statistical Computing
Platform: x86_64-pc-linux-gnu (64-bit)

R is free software and comes with ABSOLUTELY NO WARRANTY.
You are welcome to redistribute it under certain conditions.
Type 'license()' or 'licence()' for distribution details.

  Natural language support but running in an English locale

R is a collaborative project with many contributors.
Type 'contributors()' for more information and
'citation()' on how to cite R or R packages in publications.

Type 'demo()' for some demos, 'help()' for on-line help, or
'help.start()' for an HTML browser interface to help.
Type 'q()' to quit R.

Warning: namespace ‘hcw.study’ is not available and has been replaced
by .GlobalEnv when processing object ‘all_models_hcw_pre_cross’
[Previously saved workspace restored]

> library(tidyverse)
── Attaching packages ─────────────────────────────────────── tidyverse 1.3.1 ──
✔ ggplot2 3.3.5     ✔ purrr   0.3.4
✔ tibble  3.1.6     ✔ dplyr   1.0.5
✔ tidyr   1.1.3     ✔ stringr 1.4.0
✔ readr   1.4.0     ✔ forcats 0.5.1
── Conflicts ────────────────────────────────────────── tidyverse_conflicts() ──
✖ dplyr::filter() masks stats::filter()
✖ dplyr::lag()    masks stats::lag()
> library(plyr)
------------------------------------------------------------------------------
You have loaded plyr after dplyr - this is likely to cause problems.
If you need functions from both plyr and dplyr, please load plyr first, then dplyr:
library(plyr); library(dplyr)
------------------------------------------------------------------------------

Attaching package: ‘plyr’

The following objects are masked from ‘package:dplyr’:

    arrange, count, desc, failwith, id, mutate, rename, summarise,
    summarize

The following object is masked from ‘package:purrr’:

    compact

> library(data.table)

Attaching package: ‘data.table’

The following objects are masked from ‘package:dplyr’:

    between, first, last

The following object is masked from ‘package:purrr’:

    transpose

> library(ggplot2)
> library(foreach)

Attaching package: ‘foreach’

The following objects are masked from ‘package:purrr’:

    accumulate, when

> library(doParallel)
Loading required package: iterators
Loading required package: parallel
> # Must install these two
> library(serosolver)
> library(rcppfunchcw)
> 
> library(devtools)
Loading required package: usethis
> library(here)
here() starts at /home/lshdh2/github/pilot.hcw

Attaching package: ‘here’

The following object is masked from ‘package:plyr’:

    here

Warning message:
In readLines(f, n) :
  incomplete final line found on '/home/lshdh2/github/pilot.hcw/DESCRIPTION'
> 
> taskIdChar <- Sys.getenv("SGE_TASK_ID")
> taskIdInteger <- (as.numeric(taskIdChar))
> 
> #install_github("https://github.com/dchodge/serosolver", ref = "custom_ab")
> #install(here::here("rcppfunchcw"))
> 
> devtools::load_all() # hcwpre
ℹ Loading hcw.study

Attaching package: ‘magrittr’

The following object is masked from ‘package:purrr’:

    set_names

The following object is masked from ‘package:tidyr’:

    extract


Attaching package: ‘lubridate’

The following objects are masked from ‘package:data.table’:

    hour, isoweek, mday, minute, month, quarter, second, wday, week,
    yday, year

The following objects are masked from ‘package:base’:

    date, intersect, setdiff, union

There were 50 or more warnings (use warnings() to see the first 50)
> load(here::here("data", "hcwpre_data.RDS")) # hcwpre
> load(file = here::here("data", paste0("modelinfo_cross_", hcwpre$study_name_short, ".RDS"))) # all_models_hcw_pre
> 
> setup_run_serosolver(
+         all_models_hcw_pre_cross[[taskIdInteger]],
+         chains = 4,
+         iterations = 100000,
+         pt = TRUE,
+         filename = "dis_dep",
+         cross_sectional = TRUE,
+         continue_run = FALSE)
Error in serverSocket(port = port) : 
  creation of server socket failed: port 11300 cannot be opened
Calls: setup_run_serosolver -> makeCluster -> makePSOCKcluster -> serverSocket
Execution halted
